                                      1 ;--------------------------------------------------------
                                      2 ; File Created by SDCC : free open source ISO C Compiler
                                      3 ; Version 4.5.1 #15267 (MINGW64)
                                      4 ;--------------------------------------------------------
                                      5 	.module main
                                      6 	
                                      7 ;--------------------------------------------------------
                                      8 ; Public variables in this module
                                      9 ;--------------------------------------------------------
                                     10 	.globl _main
                                     11 	.globl _printf
                                     12 ;--------------------------------------------------------
                                     13 ; special function registers
                                     14 ;--------------------------------------------------------
                                     15 	.area _HRAM
                                     16 ;--------------------------------------------------------
                                     17 ; ram data
                                     18 ;--------------------------------------------------------
                                     19 	.area _DATA
                                     20 ;--------------------------------------------------------
                                     21 ; ram data
                                     22 ;--------------------------------------------------------
                                     23 	.area _INITIALIZED
                                     24 ;--------------------------------------------------------
                                     25 ; absolute external ram data
                                     26 ;--------------------------------------------------------
                                     27 	.area _DABS (ABS)
                                     28 ;--------------------------------------------------------
                                     29 ; global & static initialisations
                                     30 ;--------------------------------------------------------
                                     31 	.area _HOME
                                     32 	.area _GSINIT
                                     33 	.area _GSFINAL
                                     34 	.area _GSINIT
                                     35 ;--------------------------------------------------------
                                     36 ; Home
                                     37 ;--------------------------------------------------------
                                     38 	.area _HOME
                                     39 	.area _HOME
                                     40 ;--------------------------------------------------------
                                     41 ; code
                                     42 ;--------------------------------------------------------
                                     43 	.area _CODE
                                     44 ;main.c:4: void main()
                                     45 ;	---------------------------------
                                     46 ; Function main
                                     47 ; ---------------------------------
    00000000                         48 _main::
                                     49 ;main.c:6: printf("Hello Chibi Robo!");
    00000000 11r09r00         [12]   50 	ld	de, #___str_0
    00000003 D5               [16]   51 	push	de
    00000004 CDr00r00         [24]   52 	call	_printf
    00000007 E1               [12]   53 	pop	hl
                                     54 ;main.c:7: }
    00000008 C9               [16]   55 	ret
    00000009                         56 ___str_0:
    00000009 48 65 6C 6C 6F 20 43    57 	.ascii "Hello Chibi Robo!"
             68 69 62 69 20 52 6F
             62 6F 21
    0000001A 00                      58 	.db 0x00
                                     59 	.area _CODE
                                     60 	.area _INITIALIZER
                                     61 	.area _CABS (ABS)
